Archive member included because of file (symbol)

e:/mcit/iti/iti_es_hybrid/imt_sdk_win_64/winavr/bin/../lib/gcc/avr/4.3.3/avr5\libgcc.a(_mulsi3.o)
                              ./LIB/MAP.o (__mulsi3)
e:/mcit/iti/iti_es_hybrid/imt_sdk_win_64/winavr/bin/../lib/gcc/avr/4.3.3/avr5\libgcc.a(_udivmodhi4.o)
                              ./HAL/CLCD/CLCD_program.o (__udivmodhi4)
e:/mcit/iti/iti_es_hybrid/imt_sdk_win_64/winavr/bin/../lib/gcc/avr/4.3.3/avr5\libgcc.a(_udivmodsi4.o)
                              ./APP/main.o (__udivmodsi4)
e:/mcit/iti/iti_es_hybrid/imt_sdk_win_64/winavr/bin/../lib/gcc/avr/4.3.3/avr5\libgcc.a(_divmodsi4.o)
                              ./LIB/MAP.o (__divmodsi4)
e:/mcit/iti/iti_es_hybrid/imt_sdk_win_64/winavr/bin/../lib/gcc/avr/4.3.3/avr5\libgcc.a(_exit.o)
                              e:/mcit/iti/iti_es_hybrid/imt_sdk_win_64/winavr/bin/../lib/gcc/avr/4.3.3/../../../../avr/lib/avr5/crtm32.o (exit)
e:/mcit/iti/iti_es_hybrid/imt_sdk_win_64/winavr/bin/../lib/gcc/avr/4.3.3/avr5\libgcc.a(_copy_data.o)
                              ./HAL/KPD/KPD_program.o (__do_copy_data)
e:/mcit/iti/iti_es_hybrid/imt_sdk_win_64/winavr/bin/../lib/gcc/avr/4.3.3/avr5\libgcc.a(_clear_bss.o)
                              ./MCAL/TIMER/TIMER1_program.o (__do_clear_bss)
e:/mcit/iti/iti_es_hybrid/imt_sdk_win_64/winavr/bin/../lib/gcc/avr/4.3.3/avr5\libgcc.a(_fixunssfsi.o)
                              ./HAL/CLCD/CLCD_program.o (__fixunssfsi)
e:/mcit/iti/iti_es_hybrid/imt_sdk_win_64/winavr/bin/../lib/gcc/avr/4.3.3/avr5\libgcc.a(_addsub_sf.o)
                              e:/mcit/iti/iti_es_hybrid/imt_sdk_win_64/winavr/bin/../lib/gcc/avr/4.3.3/avr5\libgcc.a(_fixunssfsi.o) (__subsf3)
e:/mcit/iti/iti_es_hybrid/imt_sdk_win_64/winavr/bin/../lib/gcc/avr/4.3.3/avr5\libgcc.a(_mul_sf.o)
                              ./HAL/CLCD/CLCD_program.o (__mulsf3)
e:/mcit/iti/iti_es_hybrid/imt_sdk_win_64/winavr/bin/../lib/gcc/avr/4.3.3/avr5\libgcc.a(_gt_sf.o)
                              ./HAL/CLCD/CLCD_program.o (__gtsf2)
e:/mcit/iti/iti_es_hybrid/imt_sdk_win_64/winavr/bin/../lib/gcc/avr/4.3.3/avr5\libgcc.a(_ge_sf.o)
                              e:/mcit/iti/iti_es_hybrid/imt_sdk_win_64/winavr/bin/../lib/gcc/avr/4.3.3/avr5\libgcc.a(_fixunssfsi.o) (__gesf2)
e:/mcit/iti/iti_es_hybrid/imt_sdk_win_64/winavr/bin/../lib/gcc/avr/4.3.3/avr5\libgcc.a(_lt_sf.o)
                              ./HAL/CLCD/CLCD_program.o (__ltsf2)
e:/mcit/iti/iti_es_hybrid/imt_sdk_win_64/winavr/bin/../lib/gcc/avr/4.3.3/avr5\libgcc.a(_sf_to_si.o)
                              e:/mcit/iti/iti_es_hybrid/imt_sdk_win_64/winavr/bin/../lib/gcc/avr/4.3.3/avr5\libgcc.a(_fixunssfsi.o) (__fixsfsi)
e:/mcit/iti/iti_es_hybrid/imt_sdk_win_64/winavr/bin/../lib/gcc/avr/4.3.3/avr5\libgcc.a(_thenan_sf.o)
                              e:/mcit/iti/iti_es_hybrid/imt_sdk_win_64/winavr/bin/../lib/gcc/avr/4.3.3/avr5\libgcc.a(_addsub_sf.o) (__thenan_sf)
e:/mcit/iti/iti_es_hybrid/imt_sdk_win_64/winavr/bin/../lib/gcc/avr/4.3.3/avr5\libgcc.a(_prologue.o)
                              e:/mcit/iti/iti_es_hybrid/imt_sdk_win_64/winavr/bin/../lib/gcc/avr/4.3.3/avr5\libgcc.a(_addsub_sf.o) (__prologue_saves__)
e:/mcit/iti/iti_es_hybrid/imt_sdk_win_64/winavr/bin/../lib/gcc/avr/4.3.3/avr5\libgcc.a(_epilogue.o)
                              e:/mcit/iti/iti_es_hybrid/imt_sdk_win_64/winavr/bin/../lib/gcc/avr/4.3.3/avr5\libgcc.a(_addsub_sf.o) (__epilogue_restores__)
e:/mcit/iti/iti_es_hybrid/imt_sdk_win_64/winavr/bin/../lib/gcc/avr/4.3.3/avr5\libgcc.a(_pack_sf.o)
                              e:/mcit/iti/iti_es_hybrid/imt_sdk_win_64/winavr/bin/../lib/gcc/avr/4.3.3/avr5\libgcc.a(_addsub_sf.o) (__pack_f)
e:/mcit/iti/iti_es_hybrid/imt_sdk_win_64/winavr/bin/../lib/gcc/avr/4.3.3/avr5\libgcc.a(_unpack_sf.o)
                              e:/mcit/iti/iti_es_hybrid/imt_sdk_win_64/winavr/bin/../lib/gcc/avr/4.3.3/avr5\libgcc.a(_addsub_sf.o) (__unpack_f)
e:/mcit/iti/iti_es_hybrid/imt_sdk_win_64/winavr/bin/../lib/gcc/avr/4.3.3/avr5\libgcc.a(_fpcmp_parts_sf.o)
                              e:/mcit/iti/iti_es_hybrid/imt_sdk_win_64/winavr/bin/../lib/gcc/avr/4.3.3/avr5\libgcc.a(_gt_sf.o) (__fpcmp_parts_f)
e:/mcit/iti/iti_es_hybrid/imt_sdk_win_64/winavr/bin/../lib/gcc/avr/4.3.3/../../../../avr/lib/avr5\libc.a(strcmp.o)
                              ./APP/main.o (strcmp)

Allocating common symbols
Common symbol       size              file

TIM1_pfCmpBCallBack
                    0x2               ./MCAL/TIMER/TIMER1_program.o
TIM1_pfIcuCallBack  0x2               ./MCAL/TIMER/TIMER1_program.o
TIM1_pfOvfCallBack  0x2               ./MCAL/TIMER/TIMER1_program.o
TIM1_pfCmpACallBack
                    0x2               ./MCAL/TIMER/TIMER1_program.o

Memory Configuration

Name             Origin             Length             Attributes
text             0x00000000         0x00020000         xr
data             0x00800060         0x0000ffa0         rw !x
eeprom           0x00810000         0x00010000         rw !x
fuse             0x00820000         0x00000400         rw !x
lock             0x00830000         0x00000400         rw !x
signature        0x00840000         0x00000400         rw !x
*default*        0x00000000         0xffffffff

Linker script and memory map

LOAD e:/mcit/iti/iti_es_hybrid/imt_sdk_win_64/winavr/bin/../lib/gcc/avr/4.3.3/../../../../avr/lib/avr5/crtm32.o
LOAD ./MCAL/USART/USART_program.o
LOAD ./MCAL/TIMER/TIMER1_program.o
LOAD ./MCAL/TIMER/TIMER_program.o
LOAD ./MCAL/GIE/GIE_program.o
LOAD ./MCAL/EXTI/EXTI_program.o
LOAD ./MCAL/DIO/DIO_program.o
LOAD ./MCAL/ADC/ADC_program.o
LOAD ./LIB/MAP.o
LOAD ./HAL/KPD/KPD_program.o
LOAD ./HAL/CLCD/CLCD_program.o
LOAD ./APP/main.o
LOAD ./APP/servo.o
LOAD ./APP/user_data.o
LOAD e:/mcit/iti/iti_es_hybrid/imt_sdk_win_64/winavr/bin/../lib/gcc/avr/4.3.3/avr5\libgcc.a
LOAD e:/mcit/iti/iti_es_hybrid/imt_sdk_win_64/winavr/bin/../lib/gcc/avr/4.3.3/../../../../avr/lib/avr5\libc.a
LOAD e:/mcit/iti/iti_es_hybrid/imt_sdk_win_64/winavr/bin/../lib/gcc/avr/4.3.3/avr5\libgcc.a

.hash
 *(.hash)

.dynsym
 *(.dynsym)

.dynstr
 *(.dynstr)

.gnu.version
 *(.gnu.version)

.gnu.version_d
 *(.gnu.version_d)

.gnu.version_r
 *(.gnu.version_r)

.rel.init
 *(.rel.init)

.rela.init
 *(.rela.init)

.rel.text
 *(.rel.text)
 *(.rel.text.*)
 *(.rel.gnu.linkonce.t*)

.rela.text
 *(.rela.text)
 *(.rela.text.*)
 *(.rela.gnu.linkonce.t*)

.rel.fini
 *(.rel.fini)

.rela.fini
 *(.rela.fini)

.rel.rodata
 *(.rel.rodata)
 *(.rel.rodata.*)
 *(.rel.gnu.linkonce.r*)

.rela.rodata
 *(.rela.rodata)
 *(.rela.rodata.*)
 *(.rela.gnu.linkonce.r*)

.rel.data
 *(.rel.data)
 *(.rel.data.*)
 *(.rel.gnu.linkonce.d*)

.rela.data
 *(.rela.data)
 *(.rela.data.*)
 *(.rela.gnu.linkonce.d*)

.rel.ctors
 *(.rel.ctors)

.rela.ctors
 *(.rela.ctors)

.rel.dtors
 *(.rel.dtors)

.rela.dtors
 *(.rela.dtors)

.rel.got
 *(.rel.got)

.rela.got
 *(.rela.got)

.rel.bss
 *(.rel.bss)

.rela.bss
 *(.rela.bss)

.rel.plt
 *(.rel.plt)

.rela.plt
 *(.rela.plt)

.text           0x00000000     0x406a
 *(.vectors)
 .vectors       0x00000000       0x54 e:/mcit/iti/iti_es_hybrid/imt_sdk_win_64/winavr/bin/../lib/gcc/avr/4.3.3/../../../../avr/lib/avr5/crtm32.o
                0x00000000                __vectors
                0x00000000                __vector_default
 *(.vectors)
 *(.progmem.gcc*)
 *(.progmem*)
                0x00000054                . = ALIGN (0x2)
                0x00000054                __trampolines_start = .
 *(.trampolines)
 .trampolines   0x00000054        0x0 linker stubs
 *(.trampolines*)
                0x00000054                __trampolines_end = .
 *(.jumptables)
 *(.jumptables*)
 *(.lowtext)
 *(.lowtext*)
                0x00000054                __ctors_start = .
 *(.ctors)
                0x00000054                __ctors_end = .
                0x00000054                __dtors_start = .
 *(.dtors)
                0x00000054                __dtors_end = .
 SORT(*)(.ctors)
 SORT(*)(.dtors)
 *(.init0)
 .init0         0x00000054        0x0 e:/mcit/iti/iti_es_hybrid/imt_sdk_win_64/winavr/bin/../lib/gcc/avr/4.3.3/../../../../avr/lib/avr5/crtm32.o
                0x00000054                __init
 *(.init0)
 *(.init1)
 *(.init1)
 *(.init2)
 .init2         0x00000054        0xc e:/mcit/iti/iti_es_hybrid/imt_sdk_win_64/winavr/bin/../lib/gcc/avr/4.3.3/../../../../avr/lib/avr5/crtm32.o
 *(.init2)
 *(.init3)
 *(.init3)
 *(.init4)
 .init4         0x00000060       0x16 e:/mcit/iti/iti_es_hybrid/imt_sdk_win_64/winavr/bin/../lib/gcc/avr/4.3.3/avr5\libgcc.a(_copy_data.o)
                0x00000060                __do_copy_data
 .init4         0x00000076       0x10 e:/mcit/iti/iti_es_hybrid/imt_sdk_win_64/winavr/bin/../lib/gcc/avr/4.3.3/avr5\libgcc.a(_clear_bss.o)
                0x00000076                __do_clear_bss
 *(.init4)
 *(.init5)
 *(.init5)
 *(.init6)
 *(.init6)
 *(.init7)
 *(.init7)
 *(.init8)
 *(.init8)
 *(.init9)
 .init9         0x00000086        0x8 e:/mcit/iti/iti_es_hybrid/imt_sdk_win_64/winavr/bin/../lib/gcc/avr/4.3.3/../../../../avr/lib/avr5/crtm32.o
 *(.init9)
 *(.text)
 .text          0x0000008e        0x4 e:/mcit/iti/iti_es_hybrid/imt_sdk_win_64/winavr/bin/../lib/gcc/avr/4.3.3/../../../../avr/lib/avr5/crtm32.o
                0x0000008e                __vector_12
                0x0000008e                __bad_interrupt
                0x0000008e                __vector_13
                0x0000008e                __vector_17
                0x0000008e                __vector_19
                0x0000008e                __vector_5
                0x0000008e                __vector_4
                0x0000008e                __vector_15
                0x0000008e                __vector_14
                0x0000008e                __vector_16
                0x0000008e                __vector_18
                0x0000008e                __vector_20
 .text          0x00000092        0x0 ./MCAL/USART/USART_program.o
 .text          0x00000092        0x0 ./MCAL/TIMER/TIMER1_program.o
 .text          0x00000092        0x0 ./MCAL/TIMER/TIMER_program.o
 .text          0x00000092        0x0 ./MCAL/GIE/GIE_program.o
 .text          0x00000092        0x0 ./MCAL/EXTI/EXTI_program.o
 .text          0x00000092        0x0 ./MCAL/DIO/DIO_program.o
 .text          0x00000092        0x0 ./MCAL/ADC/ADC_program.o
 .text          0x00000092        0x0 ./LIB/MAP.o
 .text          0x00000092        0x0 ./HAL/KPD/KPD_program.o
 .text          0x00000092        0x0 ./HAL/CLCD/CLCD_program.o
 .text          0x00000092        0x0 ./APP/main.o
 .text          0x00000092        0x0 ./APP/servo.o
 .text          0x00000092        0x0 ./APP/user_data.o
 .text          0x00000092        0x0 e:/mcit/iti/iti_es_hybrid/imt_sdk_win_64/winavr/bin/../lib/gcc/avr/4.3.3/avr5\libgcc.a(_mulsi3.o)
 .text          0x00000092        0x0 e:/mcit/iti/iti_es_hybrid/imt_sdk_win_64/winavr/bin/../lib/gcc/avr/4.3.3/avr5\libgcc.a(_udivmodhi4.o)
 .text          0x00000092        0x0 e:/mcit/iti/iti_es_hybrid/imt_sdk_win_64/winavr/bin/../lib/gcc/avr/4.3.3/avr5\libgcc.a(_udivmodsi4.o)
 .text          0x00000092        0x0 e:/mcit/iti/iti_es_hybrid/imt_sdk_win_64/winavr/bin/../lib/gcc/avr/4.3.3/avr5\libgcc.a(_divmodsi4.o)
 .text          0x00000092        0x0 e:/mcit/iti/iti_es_hybrid/imt_sdk_win_64/winavr/bin/../lib/gcc/avr/4.3.3/avr5\libgcc.a(_exit.o)
 .text          0x00000092        0x0 e:/mcit/iti/iti_es_hybrid/imt_sdk_win_64/winavr/bin/../lib/gcc/avr/4.3.3/avr5\libgcc.a(_copy_data.o)
 .text          0x00000092        0x0 e:/mcit/iti/iti_es_hybrid/imt_sdk_win_64/winavr/bin/../lib/gcc/avr/4.3.3/avr5\libgcc.a(_clear_bss.o)
 .text          0x00000092       0x58 e:/mcit/iti/iti_es_hybrid/imt_sdk_win_64/winavr/bin/../lib/gcc/avr/4.3.3/avr5\libgcc.a(_fixunssfsi.o)
                0x00000092                __fixunssfsi
 .text          0x000000ea      0x354 e:/mcit/iti/iti_es_hybrid/imt_sdk_win_64/winavr/bin/../lib/gcc/avr/4.3.3/avr5\libgcc.a(_addsub_sf.o)
                0x00000382                __subsf3
                0x000003e4                __addsf3
 .text          0x0000043e      0x1f4 e:/mcit/iti/iti_es_hybrid/imt_sdk_win_64/winavr/bin/../lib/gcc/avr/4.3.3/avr5\libgcc.a(_mul_sf.o)
                0x0000043e                __mulsf3
 .text          0x00000632       0x60 e:/mcit/iti/iti_es_hybrid/imt_sdk_win_64/winavr/bin/../lib/gcc/avr/4.3.3/avr5\libgcc.a(_gt_sf.o)
                0x00000632                __gtsf2
 .text          0x00000692       0x60 e:/mcit/iti/iti_es_hybrid/imt_sdk_win_64/winavr/bin/../lib/gcc/avr/4.3.3/avr5\libgcc.a(_ge_sf.o)
                0x00000692                __gesf2
 .text          0x000006f2       0x60 e:/mcit/iti/iti_es_hybrid/imt_sdk_win_64/winavr/bin/../lib/gcc/avr/4.3.3/avr5\libgcc.a(_lt_sf.o)
                0x000006f2                __ltsf2
 .text          0x00000752       0xa8 e:/mcit/iti/iti_es_hybrid/imt_sdk_win_64/winavr/bin/../lib/gcc/avr/4.3.3/avr5\libgcc.a(_sf_to_si.o)
                0x00000752                __fixsfsi
 .text          0x000007fa        0x0 e:/mcit/iti/iti_es_hybrid/imt_sdk_win_64/winavr/bin/../lib/gcc/avr/4.3.3/avr5\libgcc.a(_thenan_sf.o)
 .text          0x000007fa        0x0 e:/mcit/iti/iti_es_hybrid/imt_sdk_win_64/winavr/bin/../lib/gcc/avr/4.3.3/avr5\libgcc.a(_prologue.o)
 .text          0x000007fa        0x0 e:/mcit/iti/iti_es_hybrid/imt_sdk_win_64/winavr/bin/../lib/gcc/avr/4.3.3/avr5\libgcc.a(_epilogue.o)
 .text          0x000007fa      0x1aa e:/mcit/iti/iti_es_hybrid/imt_sdk_win_64/winavr/bin/../lib/gcc/avr/4.3.3/avr5\libgcc.a(_pack_sf.o)
                0x000007fa                __pack_f
 .text          0x000009a4       0xf0 e:/mcit/iti/iti_es_hybrid/imt_sdk_win_64/winavr/bin/../lib/gcc/avr/4.3.3/avr5\libgcc.a(_unpack_sf.o)
                0x000009a4                __unpack_f
 .text          0x00000a94       0xb2 e:/mcit/iti/iti_es_hybrid/imt_sdk_win_64/winavr/bin/../lib/gcc/avr/4.3.3/avr5\libgcc.a(_fpcmp_parts_sf.o)
                0x00000a94                __fpcmp_parts_f
 .text          0x00000b46        0x0 e:/mcit/iti/iti_es_hybrid/imt_sdk_win_64/winavr/bin/../lib/gcc/avr/4.3.3/../../../../avr/lib/avr5\libc.a(strcmp.o)
                0x00000b46                . = ALIGN (0x2)
 *(.text.*)
 .text.USART_voidINIT
                0x00000b46       0x58 ./MCAL/USART/USART_program.o
                0x00000b46                USART_voidINIT
 .text.USART_voidSendSynhronous
                0x00000b9e       0x24 ./MCAL/USART/USART_program.o
                0x00000b9e                USART_voidSendSynhronous
 .text.USART_u8ReceiveSynhronous
                0x00000bc2       0x1e ./MCAL/USART/USART_program.o
                0x00000bc2                USART_u8ReceiveSynhronous
 .text.USART_u8IsDataAvailable
                0x00000be0       0x16 ./MCAL/USART/USART_program.o
                0x00000be0                USART_u8IsDataAvailable
 .text.USART_u8ReceiveNonBlocking
                0x00000bf6       0x2a ./MCAL/USART/USART_program.o
                0x00000bf6                USART_u8ReceiveNonBlocking
 .text.TIM1_voidInit
                0x00000c20      0x12c ./MCAL/TIMER/TIMER1_program.o
                0x00000c20                TIM1_voidInit
 .text.TIM1_voidEnable
                0x00000d4c       0x36 ./MCAL/TIMER/TIMER1_program.o
                0x00000d4c                TIM1_voidEnable
 .text.TIM1_voidDisable
                0x00000d82       0x1c ./MCAL/TIMER/TIMER1_program.o
                0x00000d82                TIM1_voidDisable
 .text.TIM1_voidEnableOvfInt
                0x00000d9e       0x1c ./MCAL/TIMER/TIMER1_program.o
                0x00000d9e                TIM1_voidEnableOvfInt
 .text.TIM1_voidDisableOvfInt
                0x00000dba       0x1c ./MCAL/TIMER/TIMER1_program.o
                0x00000dba                TIM1_voidDisableOvfInt
 .text.TIM1_voidEnableCmpAInt
                0x00000dd6       0x1c ./MCAL/TIMER/TIMER1_program.o
                0x00000dd6                TIM1_voidEnableCmpAInt
 .text.TIM1_voidDisableCmpAInt
                0x00000df2       0x1c ./MCAL/TIMER/TIMER1_program.o
                0x00000df2                TIM1_voidDisableCmpAInt
 .text.TIM1_voidEnableCmpBInt
                0x00000e0e       0x1c ./MCAL/TIMER/TIMER1_program.o
                0x00000e0e                TIM1_voidEnableCmpBInt
 .text.TIM1_voidDisableCmpBInt
                0x00000e2a       0x1c ./MCAL/TIMER/TIMER1_program.o
                0x00000e2a                TIM1_voidDisableCmpBInt
 .text.TIM1_voidEnableIcuInt
                0x00000e46       0x1c ./MCAL/TIMER/TIMER1_program.o
                0x00000e46                TIM1_voidEnableIcuInt
 .text.TIM1_voidDisableIcuInt
                0x00000e62       0x1c ./MCAL/TIMER/TIMER1_program.o
                0x00000e62                TIM1_voidDisableIcuInt
 .text.TIM1_voidSetCallbackOvfInt
                0x00000e7e       0x24 ./MCAL/TIMER/TIMER1_program.o
                0x00000e7e                TIM1_voidSetCallbackOvfInt
 .text.TIM1_voidSetCallbackCompAInt
                0x00000ea2       0x24 ./MCAL/TIMER/TIMER1_program.o
                0x00000ea2                TIM1_voidSetCallbackCompAInt
 .text.TIM1_voidSetCallbackCompBInt
                0x00000ec6       0x24 ./MCAL/TIMER/TIMER1_program.o
                0x00000ec6                TIM1_voidSetCallbackCompBInt
 .text.TIM1_voidSetCallbackIcuInt
                0x00000eea       0x24 ./MCAL/TIMER/TIMER1_program.o
                0x00000eea                TIM1_voidSetCallbackIcuInt
 .text.TIM1_voidSetTimerValue
                0x00000f0e       0x2e ./MCAL/TIMER/TIMER1_program.o
                0x00000f0e                TIM1_voidSetTimerValue
 .text.TIM1_voidSetCmpARegValue
                0x00000f3c       0x2e ./MCAL/TIMER/TIMER1_program.o
                0x00000f3c                TIM1_voidSetCmpARegValue
 .text.TIM1_voidSetCmpBRegValue
                0x00000f6a       0x2e ./MCAL/TIMER/TIMER1_program.o
                0x00000f6a                TIM1_voidSetCmpBRegValue
 .text.TIM1_voidSetIcuRegValue
                0x00000f98       0x24 ./MCAL/TIMER/TIMER1_program.o
                0x00000f98                TIM1_voidSetIcuRegValue
 .text.TIM1_u8ReadTimerValue
                0x00000fbc       0x48 ./MCAL/TIMER/TIMER1_program.o
                0x00000fbc                TIM1_u8ReadTimerValue
 .text.__vector_9
                0x00001004       0x5a ./MCAL/TIMER/TIMER1_program.o
                0x00001004                __vector_9
 .text.__vector_7
                0x0000105e       0x5a ./MCAL/TIMER/TIMER1_program.o
                0x0000105e                __vector_7
 .text.__vector_8
                0x000010b8       0x5a ./MCAL/TIMER/TIMER1_program.o
                0x000010b8                __vector_8
 .text.__vector_6
                0x00001112       0x5a ./MCAL/TIMER/TIMER1_program.o
                0x00001112                __vector_6
 .text.TIM1_u16GetIcuValue
                0x0000116c       0x16 ./MCAL/TIMER/TIMER1_program.o
                0x0000116c                TIM1_u16GetIcuValue
 .text.ICU_voidRisingEdge
                0x00001182       0x1c ./MCAL/TIMER/TIMER1_program.o
                0x00001182                ICU_voidRisingEdge
 .text.ICU_voidFallenEdge
                0x0000119e       0x1c ./MCAL/TIMER/TIMER1_program.o
                0x0000119e                ICU_voidFallenEdge
 .text.Timer0_voidInit
                0x000011ba       0x46 ./MCAL/TIMER/TIMER_program.o
                0x000011ba                Timer0_voidInit
 .text.Timer0_u8SetCallBack
                0x00001200       0x3a ./MCAL/TIMER/TIMER_program.o
                0x00001200                Timer0_u8SetCallBack
 .text.Timer0_voidSetCompMatchValue
                0x0000123a       0x1c ./MCAL/TIMER/TIMER_program.o
                0x0000123a                Timer0_voidSetCompMatchValue
 .text.Timer0_voidInterruptEnable
                0x00001256        0xe ./MCAL/TIMER/TIMER_program.o
                0x00001256                Timer0_voidInterruptEnable
 .text.Timer0_voidSetPrescalerValue
                0x00001264       0x32 ./MCAL/TIMER/TIMER_program.o
                0x00001264                Timer0_voidSetPrescalerValue
 .text.Timer0void_ModifyPreloadValue
                0x00001296       0x1c ./MCAL/TIMER/TIMER_program.o
                0x00001296                Timer0void_ModifyPreloadValue
 .text.__vector_10
                0x000012b2       0x66 ./MCAL/TIMER/TIMER_program.o
                0x000012b2                __vector_10
 .text.__vector_11
                0x00001318       0x66 ./MCAL/TIMER/TIMER_program.o
                0x00001318                __vector_11
 .text.GIE_voidEnable
                0x0000137e       0x1c ./MCAL/GIE/GIE_program.o
                0x0000137e                GIE_voidEnable
 .text.GIE_voidDisable
                0x0000139a       0x1c ./MCAL/GIE/GIE_program.o
                0x0000139a                GIE_voidDisable
 .text.EXTIvoid_Enable
                0x000013b6      0x228 ./MCAL/EXTI/EXTI_program.o
                0x000013b6                EXTIvoid_Enable
 .text.EXTIvoid_Disable
                0x000015de       0x6e ./MCAL/EXTI/EXTI_program.o
                0x000015de                EXTIvoid_Disable
 .text.EXTI_Set_voidCallBackINT0
                0x0000164c       0x24 ./MCAL/EXTI/EXTI_program.o
                0x0000164c                EXTI_Set_voidCallBackINT0
 .text.EXTI_Set_voidCallBackINT1
                0x00001670       0x24 ./MCAL/EXTI/EXTI_program.o
                0x00001670                EXTI_Set_voidCallBackINT1
 .text.EXTI_Set_voidCallBackINT2
                0x00001694       0x24 ./MCAL/EXTI/EXTI_program.o
                0x00001694                EXTI_Set_voidCallBackINT2
 .text.__vector_1
                0x000016b8       0x66 ./MCAL/EXTI/EXTI_program.o
                0x000016b8                __vector_1
 .text.__vector_2
                0x0000171e       0x66 ./MCAL/EXTI/EXTI_program.o
                0x0000171e                __vector_2
 .text.__vector_3
                0x00001784       0x66 ./MCAL/EXTI/EXTI_program.o
                0x00001784                __vector_3
 .text.DIO_SetPort_Direction
                0x000017ea       0x82 ./MCAL/DIO/DIO_program.o
                0x000017ea                DIO_SetPort_Direction
 .text.DIO_SetPort_value
                0x0000186c       0x82 ./MCAL/DIO/DIO_program.o
                0x0000186c                DIO_SetPort_value
 .text.DIO_SetPin_Direction
                0x000018ee      0x200 ./MCAL/DIO/DIO_program.o
                0x000018ee                DIO_SetPin_Direction
 .text.DIO_SetPinValue
                0x00001aee      0x200 ./MCAL/DIO/DIO_program.o
                0x00001aee                DIO_SetPinValue
 .text.DIO_TogglePin
                0x00001cee       0xfa ./MCAL/DIO/DIO_program.o
                0x00001cee                DIO_TogglePin
 .text.DIO_GetPinValue
                0x00001de8       0xf4 ./MCAL/DIO/DIO_program.o
                0x00001de8                DIO_GetPinValue
 .text.ADC_voidINIT
                0x00001edc       0x62 ./MCAL/ADC/ADC_program.o
                0x00001edc                ADC_voidINIT
 .text.ADC_u16GetChannelReading
                0x00001f3e       0x6c ./MCAL/ADC/ADC_program.o
                0x00001f3e                ADC_u16GetChannelReading
 .text.Map      0x00001faa       0xfa ./LIB/MAP.o
                0x00001faa                Map
 .text.KPD_voidINIT
                0x000020a4       0x66 ./HAL/KPD/KPD_program.o
                0x000020a4                KPD_voidINIT
 .text.KPD_u8GetPressedKey
                0x0000210a      0x17e ./HAL/KPD/KPD_program.o
                0x0000210a                KPD_u8GetPressedKey
 .text.KPD_GetMappedValue
                0x00002288      0x14c ./HAL/KPD/KPD_program.o
                0x00002288                KPD_GetMappedValue
 .text.CLCD_voidSendCommand
                0x000023d4      0x13c ./HAL/CLCD/CLCD_program.o
                0x000023d4                CLCD_voidSendCommand
 .text.CLCD_voidSendData
                0x00002510      0x13c ./HAL/CLCD/CLCD_program.o
                0x00002510                CLCD_voidSendData
 .text.CLCD_voidINIT
                0x0000264c      0x3c8 ./HAL/CLCD/CLCD_program.o
                0x0000264c                CLCD_voidINIT
 .text.CLCD_voidSendString
                0x00002a14       0x52 ./HAL/CLCD/CLCD_program.o
                0x00002a14                CLCD_voidSendString
 .text.CLCD_voidWriteNumber
                0x00002a66       0xa4 ./HAL/CLCD/CLCD_program.o
                0x00002a66                CLCD_voidWriteNumber
 .text.CLCD_voidGOTOXY
                0x00002b0a       0x52 ./HAL/CLCD/CLCD_program.o
                0x00002b0a                CLCD_voidGOTOXY
 .text.CLCD_Clear
                0x00002b5c       0x14 ./HAL/CLCD/CLCD_program.o
                0x00002b5c                CLCD_Clear
 .text.Get_Averaged_ADC_Readings
                0x00002b70      0x16a ./APP/main.o
                0x00002b70                Get_Averaged_ADC_Readings
 .text.monitor_LDR_DCMotor
                0x00002cda      0x452 ./APP/main.o
                0x00002cda                monitor_LDR_DCMotor
 .text.main     0x0000312c      0xbb6 ./APP/main.o
                0x0000312c                main
 .text.control_servo_motor
                0x00003ce2      0x224 ./APP/servo.o
                0x00003ce2                control_servo_motor
 .text.libgcc   0x00003f06       0x3e e:/mcit/iti/iti_es_hybrid/imt_sdk_win_64/winavr/bin/../lib/gcc/avr/4.3.3/avr5\libgcc.a(_mulsi3.o)
                0x00003f06                __mulsi3
 .text.libgcc   0x00003f44       0x28 e:/mcit/iti/iti_es_hybrid/imt_sdk_win_64/winavr/bin/../lib/gcc/avr/4.3.3/avr5\libgcc.a(_udivmodhi4.o)
                0x00003f44                __udivmodhi4
 .text.libgcc   0x00003f6c       0x44 e:/mcit/iti/iti_es_hybrid/imt_sdk_win_64/winavr/bin/../lib/gcc/avr/4.3.3/avr5\libgcc.a(_udivmodsi4.o)
                0x00003f6c                __udivmodsi4
 .text.libgcc   0x00003fb0       0x36 e:/mcit/iti/iti_es_hybrid/imt_sdk_win_64/winavr/bin/../lib/gcc/avr/4.3.3/avr5\libgcc.a(_divmodsi4.o)
                0x00003fb0                __divmodsi4
 .text.libgcc   0x00003fe6        0x0 e:/mcit/iti/iti_es_hybrid/imt_sdk_win_64/winavr/bin/../lib/gcc/avr/4.3.3/avr5\libgcc.a(_exit.o)
 .text.libgcc   0x00003fe6        0x0 e:/mcit/iti/iti_es_hybrid/imt_sdk_win_64/winavr/bin/../lib/gcc/avr/4.3.3/avr5\libgcc.a(_copy_data.o)
 .text.libgcc   0x00003fe6        0x0 e:/mcit/iti/iti_es_hybrid/imt_sdk_win_64/winavr/bin/../lib/gcc/avr/4.3.3/avr5\libgcc.a(_clear_bss.o)
 .text.libgcc   0x00003fe6       0x38 e:/mcit/iti/iti_es_hybrid/imt_sdk_win_64/winavr/bin/../lib/gcc/avr/4.3.3/avr5\libgcc.a(_prologue.o)
                0x00003fe6                __prologue_saves__
 .text.libgcc   0x0000401e       0x36 e:/mcit/iti/iti_es_hybrid/imt_sdk_win_64/winavr/bin/../lib/gcc/avr/4.3.3/avr5\libgcc.a(_epilogue.o)
                0x0000401e                __epilogue_restores__
 .text.avr-libc
                0x00004054       0x12 e:/mcit/iti/iti_es_hybrid/imt_sdk_win_64/winavr/bin/../lib/gcc/avr/4.3.3/../../../../avr/lib/avr5\libc.a(strcmp.o)
                0x00004054                strcmp
                0x00004066                . = ALIGN (0x2)
 *(.fini9)
 .fini9         0x00004066        0x0 e:/mcit/iti/iti_es_hybrid/imt_sdk_win_64/winavr/bin/../lib/gcc/avr/4.3.3/avr5\libgcc.a(_exit.o)
                0x00004066                exit
                0x00004066                _exit
 *(.fini9)
 *(.fini8)
 *(.fini8)
 *(.fini7)
 *(.fini7)
 *(.fini6)
 *(.fini6)
 *(.fini5)
 *(.fini5)
 *(.fini4)
 *(.fini4)
 *(.fini3)
 *(.fini3)
 *(.fini2)
 *(.fini2)
 *(.fini1)
 *(.fini1)
 *(.fini0)
 .fini0         0x00004066        0x4 e:/mcit/iti/iti_es_hybrid/imt_sdk_win_64/winavr/bin/../lib/gcc/avr/4.3.3/avr5\libgcc.a(_exit.o)
 *(.fini0)
                0x0000406a                _etext = .

.data           0x00800060      0x166 load address 0x0000406a
                0x00800060                PROVIDE (__data_start, .)
 *(.data)
 .data          0x00800060        0x0 e:/mcit/iti/iti_es_hybrid/imt_sdk_win_64/winavr/bin/../lib/gcc/avr/4.3.3/../../../../avr/lib/avr5/crtm32.o
 .data          0x00800060        0x0 ./MCAL/USART/USART_program.o
 .data          0x00800060        0x0 ./MCAL/TIMER/TIMER1_program.o
 .data          0x00800060        0x0 ./MCAL/TIMER/TIMER_program.o
 .data          0x00800060        0x0 ./MCAL/GIE/GIE_program.o
 .data          0x00800060        0x0 ./MCAL/EXTI/EXTI_program.o
 .data          0x00800060        0x0 ./MCAL/DIO/DIO_program.o
 .data          0x00800060        0x0 ./MCAL/ADC/ADC_program.o
 .data          0x00800060        0x0 ./LIB/MAP.o
 .data          0x00800060        0x0 ./HAL/KPD/KPD_program.o
 .data          0x00800060        0x0 ./HAL/CLCD/CLCD_program.o
 .data          0x00800060       0xe0 ./APP/main.o
 .data          0x00800140        0x0 ./APP/servo.o
 .data          0x00800140       0x46 ./APP/user_data.o
 .data          0x00800186        0x0 e:/mcit/iti/iti_es_hybrid/imt_sdk_win_64/winavr/bin/../lib/gcc/avr/4.3.3/avr5\libgcc.a(_mulsi3.o)
 .data          0x00800186        0x0 e:/mcit/iti/iti_es_hybrid/imt_sdk_win_64/winavr/bin/../lib/gcc/avr/4.3.3/avr5\libgcc.a(_udivmodhi4.o)
 .data          0x00800186        0x0 e:/mcit/iti/iti_es_hybrid/imt_sdk_win_64/winavr/bin/../lib/gcc/avr/4.3.3/avr5\libgcc.a(_udivmodsi4.o)
 .data          0x00800186        0x0 e:/mcit/iti/iti_es_hybrid/imt_sdk_win_64/winavr/bin/../lib/gcc/avr/4.3.3/avr5\libgcc.a(_divmodsi4.o)
 .data          0x00800186        0x0 e:/mcit/iti/iti_es_hybrid/imt_sdk_win_64/winavr/bin/../lib/gcc/avr/4.3.3/avr5\libgcc.a(_exit.o)
 .data          0x00800186        0x0 e:/mcit/iti/iti_es_hybrid/imt_sdk_win_64/winavr/bin/../lib/gcc/avr/4.3.3/avr5\libgcc.a(_copy_data.o)
 .data          0x00800186        0x0 e:/mcit/iti/iti_es_hybrid/imt_sdk_win_64/winavr/bin/../lib/gcc/avr/4.3.3/avr5\libgcc.a(_clear_bss.o)
 .data          0x00800186        0x0 e:/mcit/iti/iti_es_hybrid/imt_sdk_win_64/winavr/bin/../lib/gcc/avr/4.3.3/avr5\libgcc.a(_fixunssfsi.o)
 .data          0x00800186        0x0 e:/mcit/iti/iti_es_hybrid/imt_sdk_win_64/winavr/bin/../lib/gcc/avr/4.3.3/avr5\libgcc.a(_addsub_sf.o)
 .data          0x00800186        0x0 e:/mcit/iti/iti_es_hybrid/imt_sdk_win_64/winavr/bin/../lib/gcc/avr/4.3.3/avr5\libgcc.a(_mul_sf.o)
 .data          0x00800186        0x0 e:/mcit/iti/iti_es_hybrid/imt_sdk_win_64/winavr/bin/../lib/gcc/avr/4.3.3/avr5\libgcc.a(_gt_sf.o)
 .data          0x00800186        0x0 e:/mcit/iti/iti_es_hybrid/imt_sdk_win_64/winavr/bin/../lib/gcc/avr/4.3.3/avr5\libgcc.a(_ge_sf.o)
 .data          0x00800186        0x0 e:/mcit/iti/iti_es_hybrid/imt_sdk_win_64/winavr/bin/../lib/gcc/avr/4.3.3/avr5\libgcc.a(_lt_sf.o)
 .data          0x00800186        0x0 e:/mcit/iti/iti_es_hybrid/imt_sdk_win_64/winavr/bin/../lib/gcc/avr/4.3.3/avr5\libgcc.a(_sf_to_si.o)
 .data          0x00800186        0x8 e:/mcit/iti/iti_es_hybrid/imt_sdk_win_64/winavr/bin/../lib/gcc/avr/4.3.3/avr5\libgcc.a(_thenan_sf.o)
                0x00800186                __thenan_sf
 .data          0x0080018e        0x0 e:/mcit/iti/iti_es_hybrid/imt_sdk_win_64/winavr/bin/../lib/gcc/avr/4.3.3/avr5\libgcc.a(_prologue.o)
 .data          0x0080018e        0x0 e:/mcit/iti/iti_es_hybrid/imt_sdk_win_64/winavr/bin/../lib/gcc/avr/4.3.3/avr5\libgcc.a(_epilogue.o)
 .data          0x0080018e        0x0 e:/mcit/iti/iti_es_hybrid/imt_sdk_win_64/winavr/bin/../lib/gcc/avr/4.3.3/avr5\libgcc.a(_pack_sf.o)
 .data          0x0080018e        0x0 e:/mcit/iti/iti_es_hybrid/imt_sdk_win_64/winavr/bin/../lib/gcc/avr/4.3.3/avr5\libgcc.a(_unpack_sf.o)
 .data          0x0080018e        0x0 e:/mcit/iti/iti_es_hybrid/imt_sdk_win_64/winavr/bin/../lib/gcc/avr/4.3.3/avr5\libgcc.a(_fpcmp_parts_sf.o)
 .data          0x0080018e        0x0 e:/mcit/iti/iti_es_hybrid/imt_sdk_win_64/winavr/bin/../lib/gcc/avr/4.3.3/../../../../avr/lib/avr5\libc.a(strcmp.o)
 *(.data*)
 .data.users    0x0080018e       0x14 ./APP/user_data.o
                0x0080018e                users
 .data.passwords
                0x008001a2       0x14 ./APP/user_data.o
                0x008001a2                passwords
 *(.rodata)
 *(.rodata*)
 .rodata.C.0.1236
                0x008001b6       0x10 ./HAL/KPD/KPD_program.o
 *(.gnu.linkonce.d*)
                0x008001c6                . = ALIGN (0x2)
                0x008001c6                _edata = .
                0x008001c6                PROVIDE (__data_end, .)

.bss            0x008001c6       0x10
                0x008001c6                PROVIDE (__bss_start, .)
 *(.bss)
 .bss           0x008001c6        0x0 e:/mcit/iti/iti_es_hybrid/imt_sdk_win_64/winavr/bin/../lib/gcc/avr/4.3.3/../../../../avr/lib/avr5/crtm32.o
 .bss           0x008001c6        0x0 ./MCAL/USART/USART_program.o
 .bss           0x008001c6        0x0 ./MCAL/TIMER/TIMER1_program.o
 .bss           0x008001c6        0x0 ./MCAL/TIMER/TIMER_program.o
 .bss           0x008001c6        0x0 ./MCAL/GIE/GIE_program.o
 .bss           0x008001c6        0x0 ./MCAL/EXTI/EXTI_program.o
 .bss           0x008001c6        0x0 ./MCAL/DIO/DIO_program.o
 .bss           0x008001c6        0x0 ./MCAL/ADC/ADC_program.o
 .bss           0x008001c6        0x0 ./LIB/MAP.o
 .bss           0x008001c6        0x0 ./HAL/KPD/KPD_program.o
 .bss           0x008001c6        0x0 ./HAL/CLCD/CLCD_program.o
 .bss           0x008001c6        0x0 ./APP/main.o
 .bss           0x008001c6        0x0 ./APP/servo.o
 .bss           0x008001c6        0x0 ./APP/user_data.o
 .bss           0x008001c6        0x0 e:/mcit/iti/iti_es_hybrid/imt_sdk_win_64/winavr/bin/../lib/gcc/avr/4.3.3/avr5\libgcc.a(_mulsi3.o)
 .bss           0x008001c6        0x0 e:/mcit/iti/iti_es_hybrid/imt_sdk_win_64/winavr/bin/../lib/gcc/avr/4.3.3/avr5\libgcc.a(_udivmodhi4.o)
 .bss           0x008001c6        0x0 e:/mcit/iti/iti_es_hybrid/imt_sdk_win_64/winavr/bin/../lib/gcc/avr/4.3.3/avr5\libgcc.a(_udivmodsi4.o)
 .bss           0x008001c6        0x0 e:/mcit/iti/iti_es_hybrid/imt_sdk_win_64/winavr/bin/../lib/gcc/avr/4.3.3/avr5\libgcc.a(_divmodsi4.o)
 .bss           0x008001c6        0x0 e:/mcit/iti/iti_es_hybrid/imt_sdk_win_64/winavr/bin/../lib/gcc/avr/4.3.3/avr5\libgcc.a(_exit.o)
 .bss           0x008001c6        0x0 e:/mcit/iti/iti_es_hybrid/imt_sdk_win_64/winavr/bin/../lib/gcc/avr/4.3.3/avr5\libgcc.a(_copy_data.o)
 .bss           0x008001c6        0x0 e:/mcit/iti/iti_es_hybrid/imt_sdk_win_64/winavr/bin/../lib/gcc/avr/4.3.3/avr5\libgcc.a(_clear_bss.o)
 .bss           0x008001c6        0x0 e:/mcit/iti/iti_es_hybrid/imt_sdk_win_64/winavr/bin/../lib/gcc/avr/4.3.3/avr5\libgcc.a(_fixunssfsi.o)
 .bss           0x008001c6        0x0 e:/mcit/iti/iti_es_hybrid/imt_sdk_win_64/winavr/bin/../lib/gcc/avr/4.3.3/avr5\libgcc.a(_addsub_sf.o)
 .bss           0x008001c6        0x0 e:/mcit/iti/iti_es_hybrid/imt_sdk_win_64/winavr/bin/../lib/gcc/avr/4.3.3/avr5\libgcc.a(_mul_sf.o)
 .bss           0x008001c6        0x0 e:/mcit/iti/iti_es_hybrid/imt_sdk_win_64/winavr/bin/../lib/gcc/avr/4.3.3/avr5\libgcc.a(_gt_sf.o)
 .bss           0x008001c6        0x0 e:/mcit/iti/iti_es_hybrid/imt_sdk_win_64/winavr/bin/../lib/gcc/avr/4.3.3/avr5\libgcc.a(_ge_sf.o)
 .bss           0x008001c6        0x0 e:/mcit/iti/iti_es_hybrid/imt_sdk_win_64/winavr/bin/../lib/gcc/avr/4.3.3/avr5\libgcc.a(_lt_sf.o)
 .bss           0x008001c6        0x0 e:/mcit/iti/iti_es_hybrid/imt_sdk_win_64/winavr/bin/../lib/gcc/avr/4.3.3/avr5\libgcc.a(_sf_to_si.o)
 .bss           0x008001c6        0x0 e:/mcit/iti/iti_es_hybrid/imt_sdk_win_64/winavr/bin/../lib/gcc/avr/4.3.3/avr5\libgcc.a(_thenan_sf.o)
 .bss           0x008001c6        0x0 e:/mcit/iti/iti_es_hybrid/imt_sdk_win_64/winavr/bin/../lib/gcc/avr/4.3.3/avr5\libgcc.a(_prologue.o)
 .bss           0x008001c6        0x0 e:/mcit/iti/iti_es_hybrid/imt_sdk_win_64/winavr/bin/../lib/gcc/avr/4.3.3/avr5\libgcc.a(_epilogue.o)
 .bss           0x008001c6        0x0 e:/mcit/iti/iti_es_hybrid/imt_sdk_win_64/winavr/bin/../lib/gcc/avr/4.3.3/avr5\libgcc.a(_pack_sf.o)
 .bss           0x008001c6        0x0 e:/mcit/iti/iti_es_hybrid/imt_sdk_win_64/winavr/bin/../lib/gcc/avr/4.3.3/avr5\libgcc.a(_unpack_sf.o)
 .bss           0x008001c6        0x0 e:/mcit/iti/iti_es_hybrid/imt_sdk_win_64/winavr/bin/../lib/gcc/avr/4.3.3/avr5\libgcc.a(_fpcmp_parts_sf.o)
 .bss           0x008001c6        0x0 e:/mcit/iti/iti_es_hybrid/imt_sdk_win_64/winavr/bin/../lib/gcc/avr/4.3.3/../../../../avr/lib/avr5\libc.a(strcmp.o)
 *(.bss*)
 .bss.TIMER0_pvCallBackFunc
                0x008001c6        0x2 ./MCAL/TIMER/TIMER_program.o
 .bss.PTRtoFUNC_INT_0
                0x008001c8        0x2 ./MCAL/EXTI/EXTI_program.o
 .bss.PTRtoFUNC_INT_1
                0x008001ca        0x2 ./MCAL/EXTI/EXTI_program.o
 .bss.PTRtoFUNC_INT_2
                0x008001cc        0x2 ./MCAL/EXTI/EXTI_program.o
 *(COMMON)
 COMMON         0x008001ce        0x8 ./MCAL/TIMER/TIMER1_program.o
                0x008001ce                TIM1_pfCmpBCallBack
                0x008001d0                TIM1_pfIcuCallBack
                0x008001d2                TIM1_pfOvfCallBack
                0x008001d4                TIM1_pfCmpACallBack
                0x008001d6                PROVIDE (__bss_end, .)
                0x0000406a                __data_load_start = LOADADDR (.data)
                0x000041d0                __data_load_end = (__data_load_start + SIZEOF (.data))

.noinit         0x008001d6        0x0
                0x008001d6                PROVIDE (__noinit_start, .)
 *(.noinit*)
                0x008001d6                PROVIDE (__noinit_end, .)
                0x008001d6                _end = .
                0x008001d6                PROVIDE (__heap_start, .)

.eeprom         0x00810000        0x0
 *(.eeprom*)
                0x00810000                __eeprom_end = .

.fuse
 *(.fuse)
 *(.lfuse)
 *(.hfuse)
 *(.efuse)

.lock
 *(.lock*)

.signature
 *(.signature*)

.stab           0x00000000     0x42c0
 *(.stab)
 .stab          0x00000000      0x318 ./MCAL/USART/USART_program.o
 .stab          0x00000318      0x8a0 ./MCAL/TIMER/TIMER1_program.o
                                0x8ac (size before relaxing)
 .stab          0x00000bb8      0x3a8 ./MCAL/TIMER/TIMER_program.o
                                0x3b4 (size before relaxing)
 .stab          0x00000f60      0x1bc ./MCAL/GIE/GIE_program.o
                                0x1c8 (size before relaxing)
 .stab          0x0000111c      0x4b0 ./MCAL/EXTI/EXTI_program.o
                                0x4bc (size before relaxing)
 .stab          0x000015cc      0x528 ./MCAL/DIO/DIO_program.o
                                0x534 (size before relaxing)
 .stab          0x00001af4      0x240 ./MCAL/ADC/ADC_program.o
                                0x24c (size before relaxing)
 .stab          0x00001d34      0x204 ./LIB/MAP.o
                                0x210 (size before relaxing)
 .stab          0x00001f38      0x468 ./HAL/KPD/KPD_program.o
                                0x474 (size before relaxing)
 .stab          0x000023a0      0xa80 ./HAL/CLCD/CLCD_program.o
                                0xa8c (size before relaxing)
 .stab          0x00002e20     0x10c8 ./APP/main.o
                               0x1260 (size before relaxing)
 .stab          0x00003ee8      0x2e8 ./APP/servo.o
                                0x4f8 (size before relaxing)
 .stab          0x000041d0       0xf0 ./APP/user_data.o
                                 0xfc (size before relaxing)

.stabstr        0x00000000     0x18ab
 *(.stabstr)
 .stabstr       0x00000000     0x18ab ./MCAL/USART/USART_program.o

.stab.excl
 *(.stab.excl)

.stab.exclstr
 *(.stab.exclstr)

.stab.index
 *(.stab.index)

.stab.indexstr
 *(.stab.indexstr)

.comment
 *(.comment)

.debug
 *(.debug)

.line
 *(.line)

.debug_srcinfo
 *(.debug_srcinfo)

.debug_sfnames
 *(.debug_sfnames)

.debug_aranges  0x00000000      0x140
 *(.debug_aranges)
 .debug_aranges
                0x00000000       0x20 e:/mcit/iti/iti_es_hybrid/imt_sdk_win_64/winavr/bin/../lib/gcc/avr/4.3.3/avr5\libgcc.a(_fixunssfsi.o)
 .debug_aranges
                0x00000020       0x20 e:/mcit/iti/iti_es_hybrid/imt_sdk_win_64/winavr/bin/../lib/gcc/avr/4.3.3/avr5\libgcc.a(_addsub_sf.o)
 .debug_aranges
                0x00000040       0x20 e:/mcit/iti/iti_es_hybrid/imt_sdk_win_64/winavr/bin/../lib/gcc/avr/4.3.3/avr5\libgcc.a(_mul_sf.o)
 .debug_aranges
                0x00000060       0x20 e:/mcit/iti/iti_es_hybrid/imt_sdk_win_64/winavr/bin/../lib/gcc/avr/4.3.3/avr5\libgcc.a(_gt_sf.o)
 .debug_aranges
                0x00000080       0x20 e:/mcit/iti/iti_es_hybrid/imt_sdk_win_64/winavr/bin/../lib/gcc/avr/4.3.3/avr5\libgcc.a(_ge_sf.o)
 .debug_aranges
                0x000000a0       0x20 e:/mcit/iti/iti_es_hybrid/imt_sdk_win_64/winavr/bin/../lib/gcc/avr/4.3.3/avr5\libgcc.a(_lt_sf.o)
 .debug_aranges
                0x000000c0       0x20 e:/mcit/iti/iti_es_hybrid/imt_sdk_win_64/winavr/bin/../lib/gcc/avr/4.3.3/avr5\libgcc.a(_sf_to_si.o)
 .debug_aranges
                0x000000e0       0x20 e:/mcit/iti/iti_es_hybrid/imt_sdk_win_64/winavr/bin/../lib/gcc/avr/4.3.3/avr5\libgcc.a(_pack_sf.o)
 .debug_aranges
                0x00000100       0x20 e:/mcit/iti/iti_es_hybrid/imt_sdk_win_64/winavr/bin/../lib/gcc/avr/4.3.3/avr5\libgcc.a(_unpack_sf.o)
 .debug_aranges
                0x00000120       0x20 e:/mcit/iti/iti_es_hybrid/imt_sdk_win_64/winavr/bin/../lib/gcc/avr/4.3.3/avr5\libgcc.a(_fpcmp_parts_sf.o)

.debug_pubnames
                0x00000000      0x170
 *(.debug_pubnames)
 .debug_pubnames
                0x00000000       0x23 e:/mcit/iti/iti_es_hybrid/imt_sdk_win_64/winavr/bin/../lib/gcc/avr/4.3.3/avr5\libgcc.a(_fixunssfsi.o)
 .debug_pubnames
                0x00000023       0x2c e:/mcit/iti/iti_es_hybrid/imt_sdk_win_64/winavr/bin/../lib/gcc/avr/4.3.3/avr5\libgcc.a(_addsub_sf.o)
 .debug_pubnames
                0x0000004f       0x1f e:/mcit/iti/iti_es_hybrid/imt_sdk_win_64/winavr/bin/../lib/gcc/avr/4.3.3/avr5\libgcc.a(_mul_sf.o)
 .debug_pubnames
                0x0000006e       0x1e e:/mcit/iti/iti_es_hybrid/imt_sdk_win_64/winavr/bin/../lib/gcc/avr/4.3.3/avr5\libgcc.a(_gt_sf.o)
 .debug_pubnames
                0x0000008c       0x1e e:/mcit/iti/iti_es_hybrid/imt_sdk_win_64/winavr/bin/../lib/gcc/avr/4.3.3/avr5\libgcc.a(_ge_sf.o)
 .debug_pubnames
                0x000000aa       0x1e e:/mcit/iti/iti_es_hybrid/imt_sdk_win_64/winavr/bin/../lib/gcc/avr/4.3.3/avr5\libgcc.a(_lt_sf.o)
 .debug_pubnames
                0x000000c8       0x20 e:/mcit/iti/iti_es_hybrid/imt_sdk_win_64/winavr/bin/../lib/gcc/avr/4.3.3/avr5\libgcc.a(_sf_to_si.o)
 .debug_pubnames
                0x000000e8       0x22 e:/mcit/iti/iti_es_hybrid/imt_sdk_win_64/winavr/bin/../lib/gcc/avr/4.3.3/avr5\libgcc.a(_thenan_sf.o)
 .debug_pubnames
                0x0000010a       0x1f e:/mcit/iti/iti_es_hybrid/imt_sdk_win_64/winavr/bin/../lib/gcc/avr/4.3.3/avr5\libgcc.a(_pack_sf.o)
 .debug_pubnames
                0x00000129       0x21 e:/mcit/iti/iti_es_hybrid/imt_sdk_win_64/winavr/bin/../lib/gcc/avr/4.3.3/avr5\libgcc.a(_unpack_sf.o)
 .debug_pubnames
                0x0000014a       0x26 e:/mcit/iti/iti_es_hybrid/imt_sdk_win_64/winavr/bin/../lib/gcc/avr/4.3.3/avr5\libgcc.a(_fpcmp_parts_sf.o)

.debug_info     0x00000000     0x1c49
 *(.debug_info)
 .debug_info    0x00000000       0xb1 e:/mcit/iti/iti_es_hybrid/imt_sdk_win_64/winavr/bin/../lib/gcc/avr/4.3.3/avr5\libgcc.a(_fixunssfsi.o)
 .debug_info    0x000000b1      0x47a e:/mcit/iti/iti_es_hybrid/imt_sdk_win_64/winavr/bin/../lib/gcc/avr/4.3.3/avr5\libgcc.a(_addsub_sf.o)
 .debug_info    0x0000052b      0x485 e:/mcit/iti/iti_es_hybrid/imt_sdk_win_64/winavr/bin/../lib/gcc/avr/4.3.3/avr5\libgcc.a(_mul_sf.o)
 .debug_info    0x000009b0      0x27f e:/mcit/iti/iti_es_hybrid/imt_sdk_win_64/winavr/bin/../lib/gcc/avr/4.3.3/avr5\libgcc.a(_gt_sf.o)
 .debug_info    0x00000c2f      0x27f e:/mcit/iti/iti_es_hybrid/imt_sdk_win_64/winavr/bin/../lib/gcc/avr/4.3.3/avr5\libgcc.a(_ge_sf.o)
 .debug_info    0x00000eae      0x27f e:/mcit/iti/iti_es_hybrid/imt_sdk_win_64/winavr/bin/../lib/gcc/avr/4.3.3/avr5\libgcc.a(_lt_sf.o)
 .debug_info    0x0000112d      0x2b0 e:/mcit/iti/iti_es_hybrid/imt_sdk_win_64/winavr/bin/../lib/gcc/avr/4.3.3/avr5\libgcc.a(_sf_to_si.o)
 .debug_info    0x000013dd      0x12c e:/mcit/iti/iti_es_hybrid/imt_sdk_win_64/winavr/bin/../lib/gcc/avr/4.3.3/avr5\libgcc.a(_thenan_sf.o)
 .debug_info    0x00001509      0x2df e:/mcit/iti/iti_es_hybrid/imt_sdk_win_64/winavr/bin/../lib/gcc/avr/4.3.3/avr5\libgcc.a(_pack_sf.o)
 .debug_info    0x000017e8      0x251 e:/mcit/iti/iti_es_hybrid/imt_sdk_win_64/winavr/bin/../lib/gcc/avr/4.3.3/avr5\libgcc.a(_unpack_sf.o)
 .debug_info    0x00001a39      0x210 e:/mcit/iti/iti_es_hybrid/imt_sdk_win_64/winavr/bin/../lib/gcc/avr/4.3.3/avr5\libgcc.a(_fpcmp_parts_sf.o)
 *(.gnu.linkonce.wi.*)

.debug_abbrev   0x00000000      0xeeb
 *(.debug_abbrev)
 .debug_abbrev  0x00000000       0x5d e:/mcit/iti/iti_es_hybrid/imt_sdk_win_64/winavr/bin/../lib/gcc/avr/4.3.3/avr5\libgcc.a(_fixunssfsi.o)
 .debug_abbrev  0x0000005d      0x1ea e:/mcit/iti/iti_es_hybrid/imt_sdk_win_64/winavr/bin/../lib/gcc/avr/4.3.3/avr5\libgcc.a(_addsub_sf.o)
 .debug_abbrev  0x00000247      0x21b e:/mcit/iti/iti_es_hybrid/imt_sdk_win_64/winavr/bin/../lib/gcc/avr/4.3.3/avr5\libgcc.a(_mul_sf.o)
 .debug_abbrev  0x00000462      0x15a e:/mcit/iti/iti_es_hybrid/imt_sdk_win_64/winavr/bin/../lib/gcc/avr/4.3.3/avr5\libgcc.a(_gt_sf.o)
 .debug_abbrev  0x000005bc      0x15a e:/mcit/iti/iti_es_hybrid/imt_sdk_win_64/winavr/bin/../lib/gcc/avr/4.3.3/avr5\libgcc.a(_ge_sf.o)
 .debug_abbrev  0x00000716      0x15a e:/mcit/iti/iti_es_hybrid/imt_sdk_win_64/winavr/bin/../lib/gcc/avr/4.3.3/avr5\libgcc.a(_lt_sf.o)
 .debug_abbrev  0x00000870      0x17f e:/mcit/iti/iti_es_hybrid/imt_sdk_win_64/winavr/bin/../lib/gcc/avr/4.3.3/avr5\libgcc.a(_sf_to_si.o)
 .debug_abbrev  0x000009ef       0xad e:/mcit/iti/iti_es_hybrid/imt_sdk_win_64/winavr/bin/../lib/gcc/avr/4.3.3/avr5\libgcc.a(_thenan_sf.o)
 .debug_abbrev  0x00000a9c      0x1c0 e:/mcit/iti/iti_es_hybrid/imt_sdk_win_64/winavr/bin/../lib/gcc/avr/4.3.3/avr5\libgcc.a(_pack_sf.o)
 .debug_abbrev  0x00000c5c      0x154 e:/mcit/iti/iti_es_hybrid/imt_sdk_win_64/winavr/bin/../lib/gcc/avr/4.3.3/avr5\libgcc.a(_unpack_sf.o)
 .debug_abbrev  0x00000db0      0x13b e:/mcit/iti/iti_es_hybrid/imt_sdk_win_64/winavr/bin/../lib/gcc/avr/4.3.3/avr5\libgcc.a(_fpcmp_parts_sf.o)

.debug_line     0x00000000      0xdad
 *(.debug_line)
 .debug_line    0x00000000       0xa7 e:/mcit/iti/iti_es_hybrid/imt_sdk_win_64/winavr/bin/../lib/gcc/avr/4.3.3/avr5\libgcc.a(_fixunssfsi.o)
 .debug_line    0x000000a7      0x2af e:/mcit/iti/iti_es_hybrid/imt_sdk_win_64/winavr/bin/../lib/gcc/avr/4.3.3/avr5\libgcc.a(_addsub_sf.o)
 .debug_line    0x00000356      0x239 e:/mcit/iti/iti_es_hybrid/imt_sdk_win_64/winavr/bin/../lib/gcc/avr/4.3.3/avr5\libgcc.a(_mul_sf.o)
 .debug_line    0x0000058f       0xd3 e:/mcit/iti/iti_es_hybrid/imt_sdk_win_64/winavr/bin/../lib/gcc/avr/4.3.3/avr5\libgcc.a(_gt_sf.o)
 .debug_line    0x00000662       0xd3 e:/mcit/iti/iti_es_hybrid/imt_sdk_win_64/winavr/bin/../lib/gcc/avr/4.3.3/avr5\libgcc.a(_ge_sf.o)
 .debug_line    0x00000735       0xd3 e:/mcit/iti/iti_es_hybrid/imt_sdk_win_64/winavr/bin/../lib/gcc/avr/4.3.3/avr5\libgcc.a(_lt_sf.o)
 .debug_line    0x00000808      0x109 e:/mcit/iti/iti_es_hybrid/imt_sdk_win_64/winavr/bin/../lib/gcc/avr/4.3.3/avr5\libgcc.a(_sf_to_si.o)
 .debug_line    0x00000911       0x90 e:/mcit/iti/iti_es_hybrid/imt_sdk_win_64/winavr/bin/../lib/gcc/avr/4.3.3/avr5\libgcc.a(_thenan_sf.o)
 .debug_line    0x000009a1      0x18a e:/mcit/iti/iti_es_hybrid/imt_sdk_win_64/winavr/bin/../lib/gcc/avr/4.3.3/avr5\libgcc.a(_pack_sf.o)
 .debug_line    0x00000b2b      0x14b e:/mcit/iti/iti_es_hybrid/imt_sdk_win_64/winavr/bin/../lib/gcc/avr/4.3.3/avr5\libgcc.a(_unpack_sf.o)
 .debug_line    0x00000c76      0x137 e:/mcit/iti/iti_es_hybrid/imt_sdk_win_64/winavr/bin/../lib/gcc/avr/4.3.3/avr5\libgcc.a(_fpcmp_parts_sf.o)

.debug_frame    0x00000000      0x160
 *(.debug_frame)
 .debug_frame   0x00000000       0x20 e:/mcit/iti/iti_es_hybrid/imt_sdk_win_64/winavr/bin/../lib/gcc/avr/4.3.3/avr5\libgcc.a(_fixunssfsi.o)
 .debug_frame   0x00000020       0x40 e:/mcit/iti/iti_es_hybrid/imt_sdk_win_64/winavr/bin/../lib/gcc/avr/4.3.3/avr5\libgcc.a(_addsub_sf.o)
 .debug_frame   0x00000060       0x20 e:/mcit/iti/iti_es_hybrid/imt_sdk_win_64/winavr/bin/../lib/gcc/avr/4.3.3/avr5\libgcc.a(_mul_sf.o)
 .debug_frame   0x00000080       0x20 e:/mcit/iti/iti_es_hybrid/imt_sdk_win_64/winavr/bin/../lib/gcc/avr/4.3.3/avr5\libgcc.a(_gt_sf.o)
 .debug_frame   0x000000a0       0x20 e:/mcit/iti/iti_es_hybrid/imt_sdk_win_64/winavr/bin/../lib/gcc/avr/4.3.3/avr5\libgcc.a(_ge_sf.o)
 .debug_frame   0x000000c0       0x20 e:/mcit/iti/iti_es_hybrid/imt_sdk_win_64/winavr/bin/../lib/gcc/avr/4.3.3/avr5\libgcc.a(_lt_sf.o)
 .debug_frame   0x000000e0       0x20 e:/mcit/iti/iti_es_hybrid/imt_sdk_win_64/winavr/bin/../lib/gcc/avr/4.3.3/avr5\libgcc.a(_sf_to_si.o)
 .debug_frame   0x00000100       0x20 e:/mcit/iti/iti_es_hybrid/imt_sdk_win_64/winavr/bin/../lib/gcc/avr/4.3.3/avr5\libgcc.a(_pack_sf.o)
 .debug_frame   0x00000120       0x20 e:/mcit/iti/iti_es_hybrid/imt_sdk_win_64/winavr/bin/../lib/gcc/avr/4.3.3/avr5\libgcc.a(_unpack_sf.o)
 .debug_frame   0x00000140       0x20 e:/mcit/iti/iti_es_hybrid/imt_sdk_win_64/winavr/bin/../lib/gcc/avr/4.3.3/avr5\libgcc.a(_fpcmp_parts_sf.o)

.debug_str      0x00000000      0x28d
 *(.debug_str)
 .debug_str     0x00000000       0xbf e:/mcit/iti/iti_es_hybrid/imt_sdk_win_64/winavr/bin/../lib/gcc/avr/4.3.3/avr5\libgcc.a(_fixunssfsi.o)
                                 0xfe (size before relaxing)
 .debug_str     0x000000bf      0x14d e:/mcit/iti/iti_es_hybrid/imt_sdk_win_64/winavr/bin/../lib/gcc/avr/4.3.3/avr5\libgcc.a(_addsub_sf.o)
                                0x206 (size before relaxing)
 .debug_str     0x0000020c       0x27 e:/mcit/iti/iti_es_hybrid/imt_sdk_win_64/winavr/bin/../lib/gcc/avr/4.3.3/avr5\libgcc.a(_mul_sf.o)
                                0x1bf (size before relaxing)
 .debug_str     0x00000233        0xf e:/mcit/iti/iti_es_hybrid/imt_sdk_win_64/winavr/bin/../lib/gcc/avr/4.3.3/avr5\libgcc.a(_gt_sf.o)
                                0x195 (size before relaxing)
 .debug_str     0x00000242        0x8 e:/mcit/iti/iti_es_hybrid/imt_sdk_win_64/winavr/bin/../lib/gcc/avr/4.3.3/avr5\libgcc.a(_ge_sf.o)
                                0x195 (size before relaxing)
 .debug_str     0x0000024a        0x8 e:/mcit/iti/iti_es_hybrid/imt_sdk_win_64/winavr/bin/../lib/gcc/avr/4.3.3/avr5\libgcc.a(_lt_sf.o)
                                0x195 (size before relaxing)
 .debug_str     0x00000252        0xa e:/mcit/iti/iti_es_hybrid/imt_sdk_win_64/winavr/bin/../lib/gcc/avr/4.3.3/avr5\libgcc.a(_sf_to_si.o)
                                0x19e (size before relaxing)
 .debug_str     0x00000000      0x103 e:/mcit/iti/iti_es_hybrid/imt_sdk_win_64/winavr/bin/../lib/gcc/avr/4.3.3/avr5\libgcc.a(_thenan_sf.o)
 .debug_str     0x0000025c       0x16 e:/mcit/iti/iti_es_hybrid/imt_sdk_win_64/winavr/bin/../lib/gcc/avr/4.3.3/avr5\libgcc.a(_pack_sf.o)
                                0x19d (size before relaxing)
 .debug_str     0x00000272        0xb e:/mcit/iti/iti_es_hybrid/imt_sdk_win_64/winavr/bin/../lib/gcc/avr/4.3.3/avr5\libgcc.a(_unpack_sf.o)
                                0x17f (size before relaxing)
 .debug_str     0x0000027d       0x10 e:/mcit/iti/iti_es_hybrid/imt_sdk_win_64/winavr/bin/../lib/gcc/avr/4.3.3/avr5\libgcc.a(_fpcmp_parts_sf.o)
                                0x163 (size before relaxing)

.debug_loc      0x00000000      0x7ce
 *(.debug_loc)
 .debug_loc     0x00000000       0x34 e:/mcit/iti/iti_es_hybrid/imt_sdk_win_64/winavr/bin/../lib/gcc/avr/4.3.3/avr5\libgcc.a(_fixunssfsi.o)
 .debug_loc     0x00000034      0x32a e:/mcit/iti/iti_es_hybrid/imt_sdk_win_64/winavr/bin/../lib/gcc/avr/4.3.3/avr5\libgcc.a(_addsub_sf.o)
 .debug_loc     0x0000035e      0x104 e:/mcit/iti/iti_es_hybrid/imt_sdk_win_64/winavr/bin/../lib/gcc/avr/4.3.3/avr5\libgcc.a(_mul_sf.o)
 .debug_loc     0x00000462       0x3c e:/mcit/iti/iti_es_hybrid/imt_sdk_win_64/winavr/bin/../lib/gcc/avr/4.3.3/avr5\libgcc.a(_gt_sf.o)
 .debug_loc     0x0000049e       0x3c e:/mcit/iti/iti_es_hybrid/imt_sdk_win_64/winavr/bin/../lib/gcc/avr/4.3.3/avr5\libgcc.a(_ge_sf.o)
 .debug_loc     0x000004da       0x3c e:/mcit/iti/iti_es_hybrid/imt_sdk_win_64/winavr/bin/../lib/gcc/avr/4.3.3/avr5\libgcc.a(_lt_sf.o)
 .debug_loc     0x00000516       0x7e e:/mcit/iti/iti_es_hybrid/imt_sdk_win_64/winavr/bin/../lib/gcc/avr/4.3.3/avr5\libgcc.a(_sf_to_si.o)
 .debug_loc     0x00000594      0x13e e:/mcit/iti/iti_es_hybrid/imt_sdk_win_64/winavr/bin/../lib/gcc/avr/4.3.3/avr5\libgcc.a(_pack_sf.o)
 .debug_loc     0x000006d2       0xac e:/mcit/iti/iti_es_hybrid/imt_sdk_win_64/winavr/bin/../lib/gcc/avr/4.3.3/avr5\libgcc.a(_unpack_sf.o)
 .debug_loc     0x0000077e       0x50 e:/mcit/iti/iti_es_hybrid/imt_sdk_win_64/winavr/bin/../lib/gcc/avr/4.3.3/avr5\libgcc.a(_fpcmp_parts_sf.o)

.debug_macinfo
 *(.debug_macinfo)
OUTPUT(Grad_project.elf elf32-avr)
LOAD linker stubs

.debug_ranges   0x00000000       0x50
 .debug_ranges  0x00000000       0x50 e:/mcit/iti/iti_es_hybrid/imt_sdk_win_64/winavr/bin/../lib/gcc/avr/4.3.3/avr5\libgcc.a(_mul_sf.o)
